// Jest Snapshot v1, https://goo.gl/fbAQLP

exports[`_shared/ui/Button Default smoke-test 1`] = `
<button class="relative flex items-center justify-center whitespace-nowrap rounded-md text-sm font-medium transition-colors disabled:pointer-events-none disabled:opacity-50 bg-primary text-primary-foreground shadow hover:bg-primary/90 h-9 px-4 py-2">
  <span class="flex justify-center items-center w-full h-full gap-1">
    Button
  </span>
</button>
`;
