// Jest Snapshot v1, https://goo.gl/fbAQLP

exports[`features/settings/IconSettingsForm/IconFileInput Default smoke-test 1`] = `
<div class="w-full rounded bg-primary-light p-4 shadow">
  <form class="space-y-1">
    <label class="block text-xl"
           for="icon"
    >
      アイコン
    </label>
    <input id="icon"
           accept="image/*"
           type="file"
    >
    <div class="flex">
      <div class="flex flex-col items-center space-y-1">
        <p>
          現在のアイコン
        </p>
        <img width="100"
             height="100"
             class="aspect-square object-cover"
             src="/users/foo/icon.webp?size=100"
             alt
        >
      </div>
      <div class="pt-16">
        <svg xmlns="http://www.w3.org/2000/svg"
             fill="none"
             viewbox="0 0 24 24"
             stroke-width="1.5"
             stroke="currentColor"
             aria-hidden="true"
             class="mx-4 h-6 w-6"
        >
          <path stroke-linecap="round"
                stroke-linejoin="round"
                d="M13.5 4.5L21 12m0 0l-7.5 7.5M21 12H3"
          >
          </path>
        </svg>
      </div>
      <div class="flex flex-col items-center space-y-1">
        <p>
          新しいアイコン
        </p>
        <div class="aspect-square w-[100px] bg-gray">
        </div>
      </div>
    </div>
  </form>
</div>
`;
