// Jest Snapshot v1, https://goo.gl/fbAQLP

exports[`noteCardFindService findManyNoteCards 正常系 1`] = `
{
  "attachmentUrls": [],
  "attachments": [],
  "id": "noteId",
  "isLiked": true,
  "isMine": true,
  "likes": [
    {
      "id": "likeId",
      "userId": "userId",
    },
    {
      "id": "likeId2",
      "userId": "userId2",
    },
  ],
  "quotedBy": null,
  "replies": [],
  "replyTo": null,
  "url": "/notes/noteId",
  "user": {
    "displayUsername": "@preferredUsername@remote.example.com",
    "host": "remote.example.com",
    "preferredUsername": "preferredUsername",
    "url": "/@preferredUsername@remote.example.com",
  },
  "userId": "userId",
}
`;

exports[`noteCardFindService findUniqueNoteCard 自分の投稿かついいね済み 1`] = `
{
  "attachmentUrls": [],
  "attachments": [],
  "id": "noteId",
  "isLiked": true,
  "isMine": true,
  "likes": [
    {
      "id": "likeId",
      "userId": "userId",
    },
    {
      "id": "likeId2",
      "userId": "userId2",
    },
  ],
  "quotedBy": null,
  "replies": [],
  "replyTo": null,
  "url": "/notes/noteId",
  "user": {
    "displayUsername": "@preferredUsername@remote.example.com",
    "host": "remote.example.com",
    "preferredUsername": "preferredUsername",
    "url": "/@preferredUsername@remote.example.com",
  },
  "userId": "userId",
}
`;
