// Jest Snapshot v1, https://goo.gl/fbAQLP

exports[`relayActivity relayActivityToFollowers 正常系 1`] = `
{
  "accept": "application/activity+json",
  "content-type": "application/activity+json",
  "date": "Wed, 01 Jan 2020 00:00:00 GMT",
  "digest": "SHA-256=GJpn7Z0rhlxi7/yIwjEeQln6ix6FqsnOBpzQ156l7mM=",
  "host": "remote1.example.com",
  "signature": "keyId="https://myhost.example.com/users/dummy_userId/activity#main-key",algorithm="rsa-sha256",headers="(request-target) host date digest",signature="XXDdO7dhc59HNCo3zrehwGu2wFPRHRIqfl7rrobYaU5rMX0nqKRAF4wjxFk7YiEx0oA+5WoP5QlqVDzqNY32WwtRjh0NRwWzHXdCaZSTFE4Icsu+eLParFkFgzdx9vV50bZ1L8vxv++eEwChos/p5O6o/JS9SkGzJVpfIt2/hZBJN7kFIbXW4vYzO9uiVKVPjf8MgaKgOkl8oVmP9rVGrwalUz4plxwYCfBUHt1QZvkIS/M+w4gT7/QYh63J5bmoP9aREnlMxggH07cWjt3KTMFpfBCk5RuPTNdtAz5kRXYtWWznxxCucRBYWTE9yHFT4aRc7tSehc96vX32qg=="",
  "user-agent": "Unsocial/1.2.3 (myhost.example.com)",
}
`;

exports[`relayActivity relayActivityToFollowers 正常系 2`] = `
{
  "accept": "application/activity+json",
  "content-type": "application/activity+json",
  "date": "Wed, 01 Jan 2020 00:00:00 GMT",
  "digest": "SHA-256=GJpn7Z0rhlxi7/yIwjEeQln6ix6FqsnOBpzQ156l7mM=",
  "host": "remote2.example.com",
  "signature": "keyId="https://myhost.example.com/users/dummy_userId/activity#main-key",algorithm="rsa-sha256",headers="(request-target) host date digest",signature="jvXb6A4uqZe4EKeU5a825JA/YX5VdyE3cQpvmwPxmGncx7N3KMfeLNGCNK9ikfhCDzixbugdFasUom8DcjqJQqNrDj9RUkqjZwfeec3t3sRp9ZiBa8TY++KWyZOBc0oWpgReUvWYQo1+JgAkKQcdERkQpQ2pONJU/CF17qMBMjkHXFKknkHJqenXf9XN5aLug1gPKq/HFYciwWXCbPNvCuucIUyRL06Le6LvEBZSlGbHO/myyPpXzwyhglo8OX8RPlr5vteQQEMDDDAshG+00ybQlBu11ozp8wptr1FVrdylRQ2RtNjbWesUcrYuey8JgwY+aCN86iZA4NLaRw=="",
  "user-agent": "Unsocial/1.2.3 (myhost.example.com)",
}
`;

exports[`relayActivity relayActivityToInboxUrl 正常系 1`] = `
{
  "accept": "application/activity+json",
  "content-type": "application/activity+json",
  "date": "Wed, 01 Jan 2020 00:00:00 GMT",
  "digest": "SHA-256=Gwtaf2C1j/hnbwtC6f37u2T6SiitMcs15298sjIcR5w=",
  "host": "remote.example.com",
  "signature": "keyId="https://myhost.example.com/users/dummy_userId/activity#main-key",algorithm="rsa-sha256",headers="(request-target) host date digest",signature="jKd5MWWaxNkuXfLrV+hnhs2xOJ0DOI7rcQFjOa9eTKw0UI83AKLn+AfMAEWGZjO97jYP5OvTk2gjOeJZ2imo3E4KnfrfUH1MG2GwhJQjhpjeAu6oluzZZ1Ct8Qjz1kf25ZvlMAO8qbpoMcvwedOAw9wpDgZagddm/y/xCMCaCOYb3P4n4Zinv/k+EcAnVWjPFm+i3optmghZ9gQST8D4LG3Trzv/JsWhhwFTs9BhVH8MaXM33ELn1KPw2ECX7bx4YMG105uaRmLDM1tmxMDPjQZb43fX0TQEbtK0ohQ56upOpGCds/B2F0iGsx+zMsUzObxQVS3E9HPAC76xpQ=="",
  "user-agent": "Unsocial/1.2.3 (myhost.example.com)",
}
`;
