// Jest Snapshot v1, https://goo.gl/fbAQLP

exports[`settings/_components/ProfileFormContainer/ProfileForm Default smoke-test 1`] = `
<div class="w-full rounded bg-primary-light p-4 shadow">
  <form action="javascript:throw new Error('A React form was unexpectedly submitted. If you called form.submit() manually, consider using form.requestSubmit() instead. If you\\'re trying to use event.stopPropagation() in a submit event handler, consider also calling event.preventDefault().')">
    <div class="space-y-2">
      <label class="block font-bold"
             for="name"
      >
        表示名
      </label>
      <input class="form-input block rounded border-primary-dark bg-primary-light focus:border-primary-dark focus:ring focus:ring-primary-dark focus:ring-opacity-50 w-9/12"
             id="name"
             required
             autocomplete="name"
             value="現在のname"
             name="name"
      >
      <label class="block font-bold"
             for="summary"
      >
        自己紹介
      </label>
      <textarea class="form-textarea block rounded border-primary-dark bg-primary-light focus:border-primary-dark focus:ring focus:ring-primary-dark focus:ring-opacity-50 w-9/12"
                id="summary"
                name="summary"
      >
        現在のsummary
      </textarea>
      <div class="flex items-center">
        <button class="relative flex items-center justify-center rounded bg-secondary px-3 py-1.5 text-light shadow hover:bg-secondary-dark disabled:bg-secondary-dark ml-auto"
                type="submit"
                data-testid="submit-button"
        >
          <span class>
            変更する
          </span>
        </button>
      </div>
    </div>
  </form>
</div>
`;
